[05:29:15] [ServerMain/INFO]: Environment: Environment[sessionHost=https://sessionserver.mojang.com, servicesHost=https://api.minecraftservices.com, name=PROD]
[05:29:18] [ServerMain/INFO]: Loaded 7 recipes
[05:29:19] [ServerMain/INFO]: Loaded 1271 advancements
[05:29:20] [Server thread/INFO]: Starting minecraft server version 1.20.4
[05:29:20] [Server thread/INFO]: Loading properties
[05:29:20] [Server thread/INFO]: Default game type: SURVIVAL
[05:29:20] [Server thread/INFO]: Generating keypair
[05:29:20] [Server thread/INFO]: Starting Minecraft server on *:25565
[05:29:20] [Server thread/INFO]: Using epoll channel type
[05:29:20] [Server thread/WARN]: **** SERVER IS RUNNING IN OFFLINE/INSECURE MODE!
[05:29:20] [Server thread/WARN]: The server will make no attempt to authenticate usernames. Beware.
[05:29:20] [Server thread/WARN]: While this makes the game possible to play without internet access, it also opens up the ability for hackers to connect with any username they choose.
[05:29:21] [Server thread/WARN]: To change this, set "online-mode" to "true" in the server.properties file.
[05:29:21] [Server thread/INFO]: Preparing level "world"
[05:29:31] [Server thread/INFO]: Preparing start region for dimension minecraft:overworld
[05:29:38] [Worker-Main-1/INFO]: Preparing spawn area: 0%
[05:29:38] [Worker-Main-1/INFO]: Preparing spawn area: 0%
[05:29:38] [Worker-Main-1/INFO]: Preparing spawn area: 0%
[05:29:38] [Worker-Main-1/INFO]: Preparing spawn area: 0%
[05:29:38] [Worker-Main-1/INFO]: Preparing spawn area: 0%
[05:29:38] [Worker-Main-1/INFO]: Preparing spawn area: 0%
[05:29:38] [Worker-Main-1/INFO]: Preparing spawn area: 0%
[05:29:38] [Worker-Main-1/INFO]: Preparing spawn area: 0%
[05:29:38] [Worker-Main-1/INFO]: Preparing spawn area: 0%
[05:29:38] [Worker-Main-1/INFO]: Preparing spawn area: 0%
[05:29:38] [Worker-Main-1/INFO]: Preparing spawn area: 0%
[05:29:38] [Worker-Main-1/INFO]: Preparing spawn area: 0%
[05:29:38] [Worker-Main-1/INFO]: Preparing spawn area: 0%
[05:29:38] [Worker-Main-1/INFO]: Preparing spawn area: 0%
[05:29:38] [Worker-Main-1/INFO]: Preparing spawn area: 0%
[05:29:39] [Worker-Main-1/INFO]: Preparing spawn area: 0%
[05:29:39] [Worker-Main-1/INFO]: Preparing spawn area: 47%
[05:29:40] [Server thread/INFO]: Time elapsed: 8375 ms
[05:29:40] [Server thread/INFO]: Done (19.278s)! For help, type "help"
[05:29:40] [Server thread/INFO]: Starting remote control listener
[05:29:40] [Server thread/INFO]: Thread RCON Listener started
[05:29:40] [Server thread/INFO]: RCON running on 0.0.0.0:25575
